asset_ref,taxonomy,lon,lat,no_damage,ds1:float32,ds2:float32,ds3:float32,ds4:float32
a3,"tax1",-122.57000,38.11300,2.36175E+00,2.42451E-01,2.45828E-01,9.61419E-02,5.38263E-02
a2,"tax2",-122.11400,38.11300,2.69147E+00,1.50314E-01,9.65091E-02,3.91600E-02,2.25450E-02
a5,"tax1",-122.00000,37.91000,2.36008E+00,2.42996E-01,2.46375E-01,9.64277E-02,5.41176E-02
a4,"tax3",-122.00000,38.00000,2.78870E+00,6.21759E-02,1.19849E-01,1.96303E-02,9.64476E-03
a1,"tax1",-122.00000,38.11300,2.26535E+00,2.72506E-01,2.75606E-01,1.13860E-01,7.26796E-02
a6,"tax2",-122.00000,38.22500,2.68699E+00,1.50453E-01,9.79083E-02,4.05343E-02,2.41126E-02
a7,"tax1",-121.88600,38.11300,2.35717E+00,2.43948E-01,2.47304E-01,9.69361E-02,5.46462E-02
