asset_ref,taxonomy,lon,lat,no_damage,ds1:float32,ds2:float32,ds3:float32,ds4:float32
a3,"tax1",-122.57000,38.11300,2.96682E+00,1.39436E-02,1.21806E-02,4.63262E-03,2.42543E-03
a2,"tax2",-122.11400,38.11300,2.97293E+00,1.16413E-02,8.58350E-03,4.02815E-03,2.81197E-03
a5,"tax1",-122.00000,37.91000,2.96045E+00,1.60615E-02,1.41109E-02,5.81466E-03,3.56768E-03
a4,"tax3",-122.00000,38.00000,2.97270E+00,7.71611E-03,1.31626E-02,3.89667E-03,2.52113E-03
a1,"tax1",-122.00000,38.11300,2.93271E+00,2.43756E-02,2.20144E-02,1.15204E-02,9.38192E-03
a6,"tax2",-122.00000,38.22500,2.96704E+00,1.31666E-02,1.04859E-02,5.29594E-03,4.01087E-03
a7,"tax1",-121.88600,38.11300,2.95546E+00,1.75947E-02,1.55782E-02,6.80777E-03,4.55704E-03
