asset_ref,taxonomy,lon,lat,structural~no_damage_mean,structural~no_damage_stdv,structural~Slight_mean,structural~Slight_stdv,structural~Moderate_mean,structural~Moderate_stdv,structural~Extensive_mean,structural~Extensive_stdv,structural~Collapse_mean,structural~Collapse_stdv
ant_13_S1,"MUR/LWAL/HEX:1",-75.07679,6.90913,2.129000E+03,0.000000E+00,0.000000E+00,0.000000E+00,0.000000E+00,0.000000E+00,0.000000E+00,0.000000E+00,0.000000E+00,0.000000E+00
ant_13_S2,"MUR/LWAL/HEX:2",-75.07679,6.90913,4.600000E+02,0.000000E+00,0.000000E+00,0.000000E+00,0.000000E+00,0.000000E+00,0.000000E+00,0.000000E+00,0.000000E+00,0.000000E+00
ant_13_S3,"MUR/LWAL/HEX:3",-75.07679,6.90913,7.700000E+01,0.000000E+00,0.000000E+00,0.000000E+00,0.000000E+00,0.000000E+00,0.000000E+00,0.000000E+00,0.000000E+00,0.000000E+00
ant_13_S4,"MUR/LWAL/HEX:4",-75.07679,6.90913,1.500000E+01,0.000000E+00,0.000000E+00,0.000000E+00,0.000000E+00,0.000000E+00,0.000000E+00,0.000000E+00,0.000000E+00,0.000000E+00
ant_13_S5,"MUR/LWAL/HEX:5",-75.07679,6.90913,1.000000E+00,0.000000E+00,0.000000E+00,0.000000E+00,0.000000E+00,0.000000E+00,0.000000E+00,0.000000E+00,0.000000E+00,0.000000E+00
