site_id,lon,lat
0,131.00000,40.00000
1,131.00000,40.10000
