asset_ref,taxonomy,lon,lat,no_damage,slight,moderate,extreme,complete
a3,"Wood",-122.57000,38.11300,8.77975E-01,4.10916E-02,4.26909E-02,2.20011E-02,1.62411E-02
a2,"Wood",-122.11400,38.11300,1.62517E-01,9.68418E-02,1.88462E-01,1.84015E-01,3.68164E-01
a5,"Wood",-122.00000,37.91000,2.91105E-01,1.24118E-01,1.99019E-01,1.57837E-01,2.27921E-01
a4,"Wood",-122.00000,38.00000,1.18143E-01,6.80312E-02,1.42565E-01,1.59558E-01,5.11702E-01
a1,"Wood",-122.00000,38.11300,6.38117E-02,3.94136E-02,9.55402E-02,1.30179E-01,6.71056E-01
a7,"Wood",-121.88600,38.11300,1.62517E-01,9.68418E-02,1.88462E-01,1.84015E-01,3.68164E-01
