asset_ref,taxonomy,lon,lat,structural
a3,"tax1",-122.57000,38.11300,6.72199E-01
a2,"tax1",-122.11400,38.11300,8.77863E+00
a5,"tax1",-122.00000,37.91000,4.62066E+00
a4,"tax1",-122.00000,38.00000,2.18768E+01
a1,"tax1",-122.00000,38.11300,3.26232E+01
a6,"tax1",-122.00000,38.22500,1.21525E+01
a7,"tax1",-121.88600,38.11300,8.96235E+00
