============
structural  
============
2.235958E+03
2.754788E+03
============