asset_ref,taxonomy,state,cresta,lon,lat,business_interruption,contents,nonstructural,occupants,structural,business_interruption_ins,contents_ins,nonstructural_ins,occupants_ins,structural_ins
a3,"tax1","02","0.21",-122.57000,38.11300,2.28042E+02,1.31555E+03,1.97333E+03,4.56084E-03,4.92184E+02,4.06875E+00,4.06875E+00,4.06875E+00,0.00000E+00,2.01250E+00
a2,"tax2","01","0.12",-122.11400,38.11300,4.76687E+02,7.20764E+03,9.31725E+03,9.53373E-03,5.01440E+02,1.05000E+01,1.05000E+01,1.05000E+01,0.00000E+00,3.32500E+00
a5,"tax1","02","0.23",-122.00000,37.91000,3.15415E+02,1.71229E+03,2.56844E+03,6.30831E-03,2.75478E+02,8.44375E+00,8.44375E+00,8.44375E+00,0.00000E+00,1.75000E+00
a4,"tax3","02","0.22",-122.00000,38.00000,4.18661E+02,1.52853E+03,4.85396E+03,8.37322E-03,1.49850E+02,1.02375E+01,8.57500E+00,9.23125E+00,0.00000E+00,5.25000E-01
a1,"tax1","01","0.11",-122.00000,38.11300,7.07043E+02,4.55855E+03,6.21995E+03,1.41409E-02,1.83665E+03,1.02375E+01,1.02375E+01,1.02375E+01,0.00000E+00,3.98125E+00
a6,"tax2","03","0.31",-122.00000,38.22500,5.22233E+02,8.52378E+03,1.43453E+04,1.04447E-02,7.34311E+02,9.49375E+00,1.04125E+01,1.04125E+01,0.00000E+00,3.67500E+00
a7,"tax1","03","0.32",-121.88600,38.11300,5.31940E+02,3.06404E+03,4.55625E+03,1.06388E-02,7.22948E+02,1.05000E+01,1.05000E+01,1.05000E+01,0.00000E+00,2.84375E+00
