asset_ref,taxonomy,state,cresta,lon,lat,business_interruption~poe-0.02,business_interruption~poe-0.1,contents~poe-0.02,contents~poe-0.1,nonstructural~poe-0.02,nonstructural~poe-0.1,occupants~poe-0.02,occupants~poe-0.1,structural~poe-0.02,structural~poe-0.1,business_interruption_ins~poe-0.02,business_interruption_ins~poe-0.1,contents_ins~poe-0.02,contents_ins~poe-0.1,nonstructural_ins~poe-0.02,nonstructural_ins~poe-0.1,occupants_ins~poe-0.02:float32,occupants_ins~poe-0.1:float32,structural_ins~poe-0.02,structural_ins~poe-0.1
a3,"tax1","02","0.21",-122.57000,38.11300,2.37654E+01,2.37654E+01,1.25123E+02,1.25123E+02,1.87684E+02,1.87684E+02,4.75308E-04,4.75308E-04,0.00000E+00,0.00000E+00,7.00000E-01,7.00000E-01,7.00000E-01,7.00000E-01,7.00000E-01,7.00000E-01,0.00000E+00,0.00000E+00,0.00000E+00,0.00000E+00
a2,"tax2","01","0.12",-122.11400,38.11300,3.86118E+01,3.86118E+01,1.03984E+03,1.03984E+03,1.22318E+03,1.22318E+03,7.72237E-04,7.72237E-04,1.00214E+02,1.00214E+02,7.00000E-01,7.00000E-01,7.00000E-01,7.00000E-01,7.00000E-01,7.00000E-01,0.00000E+00,0.00000E+00,7.00000E-01,7.00000E-01
a5,"tax1","02","0.23",-122.00000,37.91000,3.45681E+01,3.45681E+01,1.99159E+02,1.99159E+02,2.98739E+02,2.98739E+02,6.91361E-04,6.91361E-04,0.00000E+00,0.00000E+00,7.00000E-01,7.00000E-01,7.00000E-01,7.00000E-01,7.00000E-01,7.00000E-01,0.00000E+00,0.00000E+00,0.00000E+00,0.00000E+00
a4,"tax3","02","0.22",-122.00000,38.00000,5.43284E+01,5.43284E+01,1.68794E+02,1.68794E+02,1.34255E+03,1.34255E+03,1.08657E-03,1.08657E-03,1.76706E+02,1.76706E+02,7.00000E-01,7.00000E-01,7.00000E-01,7.00000E-01,7.00000E-01,7.00000E-01,0.00000E+00,0.00000E+00,7.00000E-01,7.00000E-01
a1,"tax1","01","0.11",-122.00000,38.11300,1.85857E+02,1.85857E+02,1.53677E+03,1.53677E+03,1.67271E+03,1.67271E+03,3.71713E-03,3.71713E-03,9.29283E+02,9.29283E+02,7.00000E-01,7.00000E-01,7.00000E-01,7.00000E-01,7.00000E-01,7.00000E-01,0.00000E+00,0.00000E+00,7.00000E-01,7.00000E-01
a6,"tax2","03","0.31",-122.00000,38.22500,1.00398E+02,1.00398E+02,4.87582E+03,4.87582E+03,8.73285E+03,8.73285E+03,2.00796E-03,2.00796E-03,2.01390E+02,2.01390E+02,7.00000E-01,7.00000E-01,7.00000E-01,7.00000E-01,7.00000E-01,7.00000E-01,0.00000E+00,0.00000E+00,7.00000E-01,7.00000E-01
a7,"tax1","03","0.32",-121.88600,38.11300,6.27728E+01,6.27728E+01,3.90535E+02,3.90535E+02,5.85802E+02,5.85802E+02,1.25546E-03,1.25546E-03,2.41998E+02,2.41998E+02,7.00000E-01,7.00000E-01,7.00000E-01,7.00000E-01,7.00000E-01,7.00000E-01,0.00000E+00,0.00000E+00,7.00000E-01,7.00000E-01
