asset_ref,taxonomy,state,cresta,lon,lat,business_interruption~poe-0.02,business_interruption~poe-0.1,contents~poe-0.02,contents~poe-0.1,nonstructural~poe-0.02,nonstructural~poe-0.1,occupants~poe-0.02,occupants~poe-0.1,structural~poe-0.02,structural~poe-0.1,business_interruption_ins~poe-0.02,business_interruption_ins~poe-0.1,contents_ins~poe-0.02,contents_ins~poe-0.1,nonstructural_ins~poe-0.02,nonstructural_ins~poe-0.1,occupants_ins~poe-0.02:float32,occupants_ins~poe-0.1:float32,structural_ins~poe-0.02,structural_ins~poe-0.1
a3,"tax1","02","0.21",-122.57000,38.11300,5.84966E+01,5.84966E+01,3.53057E+02,3.53057E+02,5.29586E+02,5.29586E+02,1.16993E-03,1.16993E-03,1.80109E+02,1.80109E+02,7.00000E-01,7.00000E-01,7.00000E-01,7.00000E-01,7.00000E-01,7.00000E-01,0.00000E+00,0.00000E+00,7.00000E-01,7.00000E-01
a2,"tax2","01","0.12",-122.11400,38.11300,4.23618E+01,4.23618E+01,1.34844E+03,1.34844E+03,1.56156E+03,1.56156E+03,8.47235E-04,8.47235E-04,1.05641E+02,1.05641E+02,7.00000E-01,7.00000E-01,7.00000E-01,7.00000E-01,7.00000E-01,7.00000E-01,0.00000E+00,0.00000E+00,7.00000E-01,7.00000E-01
a5,"tax1","02","0.23",-122.00000,37.91000,3.80378E+01,3.80378E+01,2.23402E+02,2.23402E+02,3.35103E+02,3.35103E+02,7.60756E-04,7.60756E-04,1.10191E+02,1.10191E+02,7.00000E-01,7.00000E-01,7.00000E-01,7.00000E-01,7.00000E-01,7.00000E-01,0.00000E+00,0.00000E+00,7.00000E-01,7.00000E-01
a4,"tax3","02","0.22",-122.00000,38.00000,2.96504E+01,2.96504E+01,1.10351E+02,1.10351E+02,3.24120E+02,3.24120E+02,5.93009E-04,5.93009E-04,0.00000E+00,0.00000E+00,7.00000E-01,7.00000E-01,7.00000E-01,7.00000E-01,7.00000E-01,7.00000E-01,0.00000E+00,0.00000E+00,0.00000E+00,0.00000E+00
a1,"tax1","01","0.11",-122.00000,38.11300,5.35499E+01,5.35499E+01,3.22142E+02,3.22142E+02,4.83213E+02,4.83213E+02,1.07100E-03,1.07100E-03,1.65539E+02,1.65539E+02,7.00000E-01,7.00000E-01,7.00000E-01,7.00000E-01,7.00000E-01,7.00000E-01,0.00000E+00,0.00000E+00,7.00000E-01,7.00000E-01
a6,"tax2","03","0.31",-122.00000,38.22500,4.64765E+01,4.64765E+01,7.66200E+02,7.66200E+02,9.58352E+02,9.58352E+02,9.29530E-04,9.29530E-04,1.13084E+02,1.13084E+02,7.00000E-01,7.00000E-01,7.00000E-01,7.00000E-01,7.00000E-01,7.00000E-01,0.00000E+00,0.00000E+00,7.00000E-01,7.00000E-01
a7,"tax1","03","0.32",-121.88600,38.11300,4.94759E+01,4.94759E+01,2.95945E+02,2.95945E+02,4.43917E+02,4.43917E+02,9.89518E-04,9.89518E-04,1.50125E+02,1.50125E+02,7.00000E-01,7.00000E-01,7.00000E-01,7.00000E-01,7.00000E-01,7.00000E-01,0.00000E+00,0.00000E+00,7.00000E-01,7.00000E-01
