# source_model_tree_path=('b1', 'b4'), gsim_tree_path=('b1',), investigation_time=1.0, imt="PGA"
lon,lat,depth,poe-0.1,poe-0.4,poe-0.6,poe-1.0
0.00000,0.00000,0.00000,1.802441E-02,1.335143E-03,1.373554E-04,0.000000E+00
