asset_ref,taxonomy,lon,lat,no_damage,slight,moderate,extreme,complete
a3,"Concrete",-122.57000,38.11300,7.33482E-01,1.43280E-01,9.44601E-02,2.28795E-02,5.89800E-03
a2,"Wood",-122.11400,38.11300,1.62517E-01,9.68418E-02,1.88462E-01,1.84015E-01,3.68164E-01
a5,"Steel",-122.00000,37.91000,6.20301E-01,2.18803E-01,9.76697E-02,4.29933E-02,2.02328E-02
a4,"Concrete",-122.00000,38.00000,1.08096E-01,1.03488E-01,2.21971E-01,2.18604E-01,3.47841E-01
a1,"Wood",-122.00000,38.11300,6.38117E-02,3.94136E-02,9.55402E-02,1.30179E-01,6.71056E-01
a7,"Steel",-121.88600,38.11300,4.79144E-01,2.65138E-01,1.44735E-01,7.20510E-02,3.89321E-02
