asset_ref,taxonomy,lon,lat,no_damage,slight,moderate,extreme,complete
a1,"W",83.31382,29.46117,2.05034E-03,1.55642E-02,1.33103E-01,2.92992E-01,5.56290E-01
