<?xml version="1.0" encoding="utf-8"?>
<nrml
xmlns="http://openquake.org/xmlns/nrml/0.5"
xmlns:gml="http://www.opengis.net/gml"
>
    <hazardCurves
    IMT="PGA"
    gsimTreePath="BooreAtkinson2008_YoungsEtAl1997SSlab"
    investigationTime="1.0"
    sourceModelTreePath="source_model_1"
    >
        <IMLs>
            5.000000000E-03 7.000000000E-03 9.800000000E-03 1.370000000E-02 1.920000000E-02 2.690000000E-02 3.760000000E-02 5.270000000E-02 7.380000000E-02 1.030000000E-01 1.450000000E-01 2.030000000E-01 2.840000000E-01 3.970000000E-01 5.560000000E-01 7.780000000E-01 1.090000000E+00 1.520000000E+00 2.130000000E+00
        </IMLs>
        <hazardCurve>
            <gml:Point>
                <gml:pos>
                    -3.0 -3.0
                </gml:pos>
            </gml:Point>
            <poEs>
                9.145951290E-02 8.935738774E-02 8.441852624E-02 7.544292770E-02 6.230993215E-02 4.684080160E-02 3.185157434E-02 1.939361899E-02 1.058996834E-02 5.195454170E-03 2.201142986E-03 8.162553730E-04 2.546809410E-04 6.407458527E-05 1.170239312E-05 1.391664926E-06 4.185330438E-08 0.000000000E+00 0.000000000E+00
            </poEs>
        </hazardCurve>
        <hazardCurve>
            <gml:Point>
                <gml:pos>
                    0.0 0.0
                </gml:pos>
            </gml:Point>
            <poEs>
                1.000543560E-01 9.777466700E-02 9.252766926E-02 8.306528232E-02 6.921600447E-02 5.279324185E-02 3.667161101E-02 2.300200729E-02 1.306710707E-02 6.748261083E-03 3.065620884E-03 1.248816442E-03 4.441564675E-04 1.334536256E-04 3.057828088E-05 4.406575016E-06 2.122266721E-07 0.000000000E+00 0.000000000E+00
            </poEs>
        </hazardCurve>
    </hazardCurves>
</nrml>
