<?xml version="1.0" encoding="utf-8"?>
<nrml
xmlns="http://openquake.org/xmlns/nrml/0.5"
xmlns:gml="http://www.opengis.net/gml"
>
    <hazardCurves
    IMT="PGA"
    gsimTreePath="ChiouYoungs2008_YoungsEtAl1997SSlab"
    investigationTime="1.0"
    sourceModelTreePath="source_model_1"
    >
        <IMLs>
            5.000000000E-03 7.000000000E-03 9.800000000E-03 1.370000000E-02 1.920000000E-02 2.690000000E-02 3.760000000E-02 5.270000000E-02 7.380000000E-02 1.030000000E-01 1.450000000E-01 2.030000000E-01 2.840000000E-01 3.970000000E-01 5.560000000E-01 7.780000000E-01 1.090000000E+00 1.520000000E+00 2.130000000E+00
        </IMLs>
        <hazardCurve>
            <gml:Point>
                <gml:pos>
                    -3.0 -3.0
                </gml:pos>
            </gml:Point>
            <poEs>
                8.787606941E-02 8.288316844E-02 7.500561010E-02 6.443911110E-02 5.203248131E-02 3.938098101E-02 2.800827857E-02 1.867831489E-02 1.177431199E-02 7.059889848E-03 3.921561008E-03 2.026444810E-03 9.372107606E-04 3.726977910E-04 1.203355769E-04 2.969452400E-05 3.753233440E-06 5.348021004E-08 0.000000000E+00
            </poEs>
        </hazardCurve>
        <hazardCurve>
            <gml:Point>
                <gml:pos>
                    0.0 0.0
                </gml:pos>
            </gml:Point>
            <poEs>
                9.650740878E-02 9.136297068E-02 8.319982455E-02 7.215238103E-02 5.901334240E-02 4.537883239E-02 3.284655006E-02 2.228877608E-02 1.424806765E-02 8.609320857E-03 4.784056620E-03 2.458150093E-03 1.126458731E-03 4.420930230E-04 1.392795269E-04 3.274951411E-05 3.942905745E-06 5.621327637E-08 0.000000000E+00
            </poEs>
        </hazardCurve>
    </hazardCurves>
</nrml>
