<?xml version="1.0" encoding="utf-8"?>
<nrml
xmlns="http://openquake.org/xmlns/nrml/0.5"
xmlns:gml="http://www.opengis.net/gml"
>
    <hazardCurves
    IMT="PGA"
    gsimTreePath="ChiouYoungs2008_@"
    investigationTime="1.0"
    sourceModelTreePath="source_model_2"
    >
        <IMLs>
            5.000000000E-03 7.000000000E-03 9.800000000E-03 1.370000000E-02 1.920000000E-02 2.690000000E-02 3.760000000E-02 5.270000000E-02 7.380000000E-02 1.030000000E-01 1.450000000E-01 2.030000000E-01 2.840000000E-01 3.970000000E-01 5.560000000E-01 7.780000000E-01 1.090000000E+00 1.520000000E+00 2.130000000E+00
        </IMLs>
        <hazardCurve>
            <gml:Point>
                <gml:pos>
                    -3.0 -3.0
                </gml:pos>
            </gml:Point>
            <poEs>
                0.000000000E+00 0.000000000E+00 0.000000000E+00 0.000000000E+00 0.000000000E+00 0.000000000E+00 0.000000000E+00 0.000000000E+00 0.000000000E+00 0.000000000E+00 0.000000000E+00 0.000000000E+00 0.000000000E+00 0.000000000E+00 0.000000000E+00 0.000000000E+00 0.000000000E+00 0.000000000E+00 0.000000000E+00
            </poEs>
        </hazardCurve>
        <hazardCurve>
            <gml:Point>
                <gml:pos>
                    0.0 0.0
                </gml:pos>
            </gml:Point>
            <poEs>
                8.716041726E-02 8.262681246E-02 7.622208213E-02 6.829438551E-02 5.938756943E-02 5.032004298E-02 4.177136501E-02 3.398407160E-02 2.714261433E-02 2.118444675E-02 1.576967874E-02 1.108105242E-02 7.124788184E-03 4.063877592E-03 1.976009051E-03 7.929122964E-04 2.484514299E-04 5.696402302E-05 6.152264264E-06
            </poEs>
        </hazardCurve>
    </hazardCurves>
</nrml>
