# source_model_tree_path=('b1', 'mfd1', 'low', 'dip', 'dip60'), gsim_tree_path=('Sad1997',), investigation_time=1.0, imt="PGA"
lon,lat,depth,poe-0.01,poe-0.1,poe-0.3,poe-1.0
-64.91005,0.00000,0.00000,2.415904E-02,1.021613E-02,6.245590E-03,2.498248E-04
