# source_model_tree_path=('b1', 'mfd1', 'mid', 'dip', 'dip30'), gsim_tree_path=('Sad1997',), investigation_time=1.0, imt="PGA"
lon,lat,depth,poe-0.01,poe-0.1,poe-0.3,poe-1.0
-64.91005,0.00000,0.00000,2.417032E-02,1.021025E-02,5.634902E-03,1.433038E-04
