# source_model_tree_path=('b1', 'mfd2', 'mid', 'dip', 'dip45'), gsim_tree_path=('Sad1997',), investigation_time=1.0, imt="PGA"
lon,lat,depth,poe-0.01,poe-0.1,poe-0.3,poe-1.0
-64.91005,0.00000,0.00000,8.557683E-02,7.255940E-02,5.185825E-02,1.420390E-03
