asset_ref,taxonomy,lon,lat,structural~no_damage_mean,structural~no_damage_stdv,structural~LS1_mean,structural~LS1_stdv,structural~LS2_mean,structural~LS2_stdv
a1,"RM",81.29850,29.10980,2.913532E+03,1.171805E+02,8.579816E+01,1.158222E+02,6.695390E-01,1.378794E+00
a2,"RC",83.08230,27.90060,6.277463E+01,6.203628E+01,6.321811E+02,3.132136E+02,3.050443E+02,3.571565E+02
a3,"W",85.74770,27.90150,6.425522E+02,5.894863E+02,1.039997E+03,2.795729E+02,3.174505E+02,4.157342E+02
