======== ======
PGA      events
======== ======
0.037780 29    
0.042840 25    
======== ======