# smlt_path=b1,gsimlt_path=b1,imt=PGA,investigation_time=50.0,lon=10.1,lat=40.1,poe=0.02,iml=0.547691853736
TRT,poe
Active Shallow Crust,1.93218E-02
