# smlt_path=b1,gsimlt_path=b1,imt=PGA,investigation_time=50.0,lon=10.1,lat=40.1,poe=0.1,iml=0.300492769469
Mag,Lon,Lat,poe
5.50000E+00,9.75000E+00,3.97500E+01,5.57834E-02
5.50000E+00,1.12500E+01,3.97500E+01,2.92517E-05
6.50000E+00,9.75000E+00,3.97500E+01,2.92371E-02
6.50000E+00,1.12500E+01,3.97500E+01,3.14702E-03
7.50000E+00,9.75000E+00,3.97500E+01,1.03579E-02
7.50000E+00,1.12500E+01,3.97500E+01,0.00000E+00
