# smlt_path=b1,gsimlt_path=b1,imt=SA,investigation_time=50.0,lon=10.1,lat=40.1,poe=0.1,iml=0.3279780939
Mag,Lon,Lat,poe
5.50000E+00,9.75000E+00,3.97500E+01,5.40148E-02
5.50000E+00,1.12500E+01,3.97500E+01,2.16764E-05
6.50000E+00,9.75000E+00,3.97500E+01,2.77635E-02
6.50000E+00,1.12500E+01,3.97500E+01,2.85796E-03
7.50000E+00,9.75000E+00,3.97500E+01,9.88616E-03
7.50000E+00,1.12500E+01,3.97500E+01,0.00000E+00
