asset_ref,taxonomy,lon,lat,nonstructural~poe-0.1,nonstructural~poe-0.5,nonstructural~poe-0.9,nonstructural~poe-0.1_ins,nonstructural~poe-0.5_ins,nonstructural~poe-0.9_ins,structural~poe-0.1,structural~poe-0.5,structural~poe-0.9,structural~poe-0.1_ins,structural~poe-0.5_ins,structural~poe-0.9_ins
a0,"RM",81.29850,29.10980,2.55434E+02,0.00000E+00,0.00000E+00,0.00000E+00,0.00000E+00,0.00000E+00,2.43406E+01,0.00000E+00,0.00000E+00,0.00000E+00,0.00000E+00,0.00000E+00
a1,"RC",83.08230,27.90060,1.70289E+02,0.00000E+00,0.00000E+00,0.00000E+00,0.00000E+00,0.00000E+00,0.00000E+00,0.00000E+00,0.00000E+00,0.00000E+00,0.00000E+00,0.00000E+00
a2,"W",85.74770,27.90150,3.81158E+01,0.00000E+00,0.00000E+00,0.00000E+00,0.00000E+00,0.00000E+00,3.89038E-02,0.00000E+00,0.00000E+00,0.00000E+00,0.00000E+00,0.00000E+00
a3,"RM",85.74770,27.90150,0.00000E+00,0.00000E+00,0.00000E+00,0.00000E+00,0.00000E+00,0.00000E+00,0.00000E+00,0.00000E+00,0.00000E+00,0.00000E+00,0.00000E+00,0.00000E+00
